Case #1:Bad magician!
Case #2:Bad magician!
Case #3:Volunteer cheated!
Case #4:Bad magician!
Case #5:Bad magician!
Case #6:3
Case #7:Volunteer cheated!
Case #8:5
Case #9:Bad magician!
Case #10:Volunteer cheated!
Case #11:Volunteer cheated!
Case #12:Volunteer cheated!
Case #13:15
Case #14:Bad magician!
Case #15:Bad magician!
Case #16:Volunteer cheated!
Case #17:Bad magician!
Case #18:Bad magician!
Case #19:2
Case #20:Volunteer cheated!
Case #21:1
Case #22:Bad magician!
Case #23:Bad magician!
Case #24:Volunteer cheated!
Case #25:10
Case #26:Bad magician!
Case #27:Volunteer cheated!
Case #28:Bad magician!
Case #29:5
Case #30:Volunteer cheated!
Case #31:9
Case #32:16
Case #33:3
Case #34:2
Case #35:Volunteer cheated!
Case #36:Bad magician!
Case #37:5
Case #38:16
Case #39:Bad magician!
Case #40:Volunteer cheated!
Case #41:Bad magician!
Case #42:13
Case #43:9
Case #44:3
Case #45:Volunteer cheated!
Case #46:13
Case #47:Bad magician!
Case #48:5
Case #49:Bad magician!
Case #50:Volunteer cheated!
Case #51:14
Case #52:Volunteer cheated!
Case #53:16
Case #54:15
Case #55:Volunteer cheated!
Case #56:Bad magician!
Case #57:16
Case #58:Volunteer cheated!
Case #59:2
Case #60:15
Case #61:10
Case #62:Bad magician!
Case #63:Bad magician!
Case #64:Bad magician!
Case #65:5
Case #66:Volunteer cheated!
Case #67:13
Case #68:Volunteer cheated!
Case #69:Volunteer cheated!
Case #70:3
Case #71:9
Case #72:11
Case #73:Bad magician!
Case #74:5
Case #75:Volunteer cheated!
Case #76:Volunteer cheated!
Case #77:Volunteer cheated!
Case #78:Volunteer cheated!
Case #79:Volunteer cheated!
Case #80:Bad magician!
Case #81:8
Case #82:Bad magician!
Case #83:Volunteer cheated!
Case #84:Volunteer cheated!
Case #85:4
Case #86:4
Case #87:Bad magician!
Case #88:Bad magician!
Case #89:11
Case #90:Bad magician!
Case #91:Bad magician!
Case #92:10
Case #93:12
Case #94:Volunteer cheated!
Case #95:Bad magician!
Case #96:13
Case #97:Bad magician!
Case #98:8
Case #99:Bad magician!
Case #100:Bad magician!
